  glad.c
  light.cpp
  material.cpp
E:\proj\duitz_project\OpenGLtryhard\src\graphics\material.cpp(9,140): warning C4305: 'initializing': truncation from 'double' to 'float'
E:\proj\duitz_project\OpenGLtryhard\src\graphics\material.cpp(10,133): warning C4305: 'initializing': truncation from 'double' to 'float'
E:\proj\duitz_project\OpenGLtryhard\src\graphics\material.cpp(11,144): warning C4305: 'initializing': truncation from 'double' to 'float'
E:\proj\duitz_project\OpenGLtryhard\src\graphics\material.cpp(12,134): warning C4305: 'initializing': truncation from 'double' to 'float'
E:\proj\duitz_project\OpenGLtryhard\src\graphics\material.cpp(13,145): warning C4305: 'initializing': truncation from 'double' to 'float'
E:\proj\duitz_project\OpenGLtryhard\src\graphics\material.cpp(14,143): warning C4305: 'initializing': truncation from 'double' to 'float'
E:\proj\duitz_project\OpenGLtryhard\src\graphics\material.cpp(15,153): warning C4305: 'initializing': truncation from 'double' to 'float'
E:\proj\duitz_project\OpenGLtryhard\src\graphics\material.cpp(16,141): warning C4305: 'initializing': truncation from 'double' to 'float'
E:\proj\duitz_project\OpenGLtryhard\src\graphics\material.cpp(17,127): warning C4305: 'initializing': truncation from 'double' to 'float'
E:\proj\duitz_project\OpenGLtryhard\src\graphics\material.cpp(18,144): warning C4305: 'initializing': truncation from 'double' to 'float'
E:\proj\duitz_project\OpenGLtryhard\src\graphics\material.cpp(19,144): warning C4305: 'initializing': truncation from 'double' to 'float'
E:\proj\duitz_project\OpenGLtryhard\src\graphics\material.cpp(20,148): warning C4305: 'initializing': truncation from 'double' to 'float'
  mesh.cpp
E:\proj\duitz_project\OpenGLtryhard\src\graphics\mesh.cpp(47,43): warning C4267: 'argument': conversion from 'size_t' to 'GLsizei', possible loss of data
  model.cpp
  texture.cpp
  camera.cpp
E:\proj\duitz_project\OpenGLtryhard\src\io\camera.cpp(15,9): warning C4244: '+=': conversion from 'double' to 'float', possible loss of data
E:\proj\duitz_project\OpenGLtryhard\src\io\camera.cpp(16,11): warning C4244: '+=': conversion from 'double' to 'float', possible loss of data
E:\proj\duitz_project\OpenGLtryhard\src\io\camera.cpp(53,11): warning C4244: '-=': conversion from 'double' to 'float', possible loss of data
  joystick.cpp
  keyboard.cpp
  mouse.cpp
  screen.cpp
  main.cpp
E:\proj\duitz_project\OpenGLtryhard\src\graphics\models\cube.hpp(68,30): warning C4018: '<': signed/unsigned mismatch
  (compiling source file 'src/main.cpp')
  
E:\proj\duitz_project\OpenGLtryhard\src\main.cpp(125,9): warning C4305: 'initializing': truncation from 'double' to 'float'
E:\proj\duitz_project\OpenGLtryhard\src\main.cpp(132,27): warning C4244: '=': conversion from 'double' to 'float', possible loss of data
E:\proj\duitz_project\OpenGLtryhard\src\main.cpp(133,15): warning C4244: '=': conversion from 'double' to 'float', possible loss of data
E:\proj\duitz_project\OpenGLtryhard\src\main.cpp(50,7): warning C4101: 'infoLog': unreferenced local variable
E:\proj\duitz_project\OpenGLtryhard\src\main.cpp(49,6): warning C4101: 'success': unreferenced local variable
E:\proj\duitz_project\OpenGLtryhard\src\main.cpp(220,57): warning C4244: 'argument': conversion from 'double' to 'float', possible loss of data
E:\proj\duitz_project\OpenGLtryhard\src\main.cpp(223,58): warning C4244: 'argument': conversion from 'double' to 'float', possible loss of data
E:\proj\duitz_project\OpenGLtryhard\src\main.cpp(226,55): warning C4244: 'argument': conversion from 'double' to 'float', possible loss of data
E:\proj\duitz_project\OpenGLtryhard\src\main.cpp(229,54): warning C4244: 'argument': conversion from 'double' to 'float', possible loss of data
E:\proj\duitz_project\OpenGLtryhard\src\main.cpp(232,52): warning C4244: 'argument': conversion from 'double' to 'float', possible loss of data
E:\proj\duitz_project\OpenGLtryhard\src\main.cpp(235,54): warning C4244: 'argument': conversion from 'double' to 'float', possible loss of data
  shader.cpp
  stb.cpp
  Generating Code...
LINK : warning LNK4098: defaultlib 'MSVCRT' conflicts with use of other libs; use /NODEFAULTLIB:library
  OpenGLtryhard.vcxproj -> E:\proj\duitz_project\x64\Debug\OpenGLtryhard.exe
