e:\proj\duitz_project\opengltryhard\x64\debug\vc143.pdb
e:\proj\duitz_project\opengltryhard\x64\debug\vc143.idb
e:\proj\duitz_project\opengltryhard\x64\debug\glad.obj
e:\proj\duitz_project\opengltryhard\x64\debug\stb.obj
e:\proj\duitz_project\opengltryhard\x64\debug\shader.obj
e:\proj\duitz_project\opengltryhard\x64\debug\main.obj
e:\proj\duitz_project\opengltryhard\x64\debug\screen.obj
e:\proj\duitz_project\opengltryhard\x64\debug\mouse.obj
e:\proj\duitz_project\opengltryhard\x64\debug\keyboard.obj
e:\proj\duitz_project\opengltryhard\x64\debug\joystick.obj
e:\proj\duitz_project\opengltryhard\x64\debug\camera.obj
e:\proj\duitz_project\opengltryhard\x64\debug\texture.obj
e:\proj\duitz_project\opengltryhard\x64\debug\model.obj
e:\proj\duitz_project\opengltryhard\x64\debug\mesh.obj
e:\proj\duitz_project\opengltryhard\x64\debug\material.obj
e:\proj\duitz_project\opengltryhard\x64\debug\light.obj
e:\proj\duitz_project\x64\debug\opengltryhard.exe
e:\proj\duitz_project\x64\debug\opengltryhard.pdb
e:\proj\duitz_project\opengltryhard\x64\debug\opengltryhard.res
e:\proj\duitz_project\opengltryhard\x64\debug\opengltryhard.ilk
e:\proj\duitz_project\opengltryhard\x64\debug\opengltryhard.tlog\cl.command.1.tlog
e:\proj\duitz_project\opengltryhard\x64\debug\opengltryhard.tlog\cl.items.tlog
e:\proj\duitz_project\opengltryhard\x64\debug\opengltryhard.tlog\cl.read.1.tlog
e:\proj\duitz_project\opengltryhard\x64\debug\opengltryhard.tlog\cl.write.1.tlog
e:\proj\duitz_project\opengltryhard\x64\debug\opengltryhard.tlog\link.command.1.tlog
e:\proj\duitz_project\opengltryhard\x64\debug\opengltryhard.tlog\link.read.1.tlog
e:\proj\duitz_project\opengltryhard\x64\debug\opengltryhard.tlog\link.secondary.1.tlog
e:\proj\duitz_project\opengltryhard\x64\debug\opengltryhard.tlog\link.write.1.tlog
e:\proj\duitz_project\opengltryhard\x64\debug\opengltryhard.tlog\rc.command.1.tlog
e:\proj\duitz_project\opengltryhard\x64\debug\opengltryhard.tlog\rc.read.1.tlog
e:\proj\duitz_project\opengltryhard\x64\debug\opengltryhard.tlog\rc.write.1.tlog
